================================================================================
SIMULATION 1 (all-in-one): m=5, k in {2,3,4}, total n=100 (80 truthful + 20 manipulators)
Trials per cell = 2000  |  INTEGER_MEDIAN = True
Rank -> Score map = [5, 4, 3, 2, 0]  (Plackett-Luce uses [5, 4, 3, 2, 0])
Rank-model integer noise = (0.1, 0.8, 0.1)  |  Euclidean scale = 'realized-max'
================================================================================

[*] Sanity check: integer scores, range [0,5], grade coverage (20000 voters per model)...
    [OK ] Mallows (phi=0.7)                      dtype=int64  min=0  max=5  grades=[0, 1, 2, 3, 4, 5]
    [OK ] Plackett-Luce                          dtype=int64  min=0  max=5  grades=[0, 1, 2, 3, 4, 5]
    [OK ] 2D Euclidean                           dtype=int64  min=0  max=5  grades=[0, 1, 2, 3, 4, 5]
    [OK ] Impartial Anonymous Culture (IAC)      dtype=int64  min=0  max=5  grades=[0, 1, 2, 3, 4, 5]
    [OK ] Polya Urn (alpha=0.2)                  dtype=int64  min=0  max=5  grades=[0, 1, 2, 3, 4, 5]
    [OK ] Impartial Culture (IC)                 dtype=int64  min=0  max=5  grades=[0, 1, 2, 3, 4, 5]
    [OK] All six models produce integers in {0,...,5} and use every grade.

[*] Sanity check: aggregated median under even n ...
    [OK] even n = 2, lower-median per column = [1.0, 3.0, 2.0, 1.0, 0.0] (all integers)

================================================================================
[*] Base Output Directory:   /home/user/sim1_single/output_median_project/Simulation 1
[*] Graphs Output Directory: /home/user/sim1_single/output_median_project/Simulation 1/graphs
[*] Tables Output Directory: /home/user/sim1_single/output_median_project/Simulation 1/tables
================================================================================
[*] 18 batches across 2 CPU cores...

Simulating Elections: [1/18] (5.6%)Simulating Elections: [2/18] (11.1%)Simulating Elections: [3/18] (16.7%)Simulating Elections: [4/18] (22.2%)Simulating Elections: [5/18] (27.8%)Simulating Elections: [6/18] (33.3%)Simulating Elections: [7/18] (38.9%)Simulating Elections: [8/18] (44.4%)Simulating Elections: [9/18] (50.0%)Simulating Elections: [10/18] (55.6%)Simulating Elections: [11/18] (61.1%)Simulating Elections: [12/18] (66.7%)Simulating Elections: [13/18] (72.2%)Simulating Elections: [14/18] (77.8%)Simulating Elections: [15/18] (83.3%)Simulating Elections: [16/18] (88.9%)Simulating Elections: [17/18] (94.4%)Simulating Elections: [18/18] (100.0%)

[+] Raw results saved (49.13s).
[*] Exporting summary tables...
                          Change_Rate  Success_Rate  Avg_Overlap
Target Rule                                                     
Bottom Evaluative Voting       82.239        82.239        0.715
       k-Median Rule           69.364        60.083        0.731
       k-Median-Shapley        52.094        42.231        0.807
Cutoff Evaluative Voting       97.511        97.511        0.646
       k-Median Rule           79.728        79.728        0.694
       k-Median-Shapley        65.289        64.231        0.756
Traceback (most recent call last):
  File "/home/user/sim1_single/sim1_median_committee.py", line 857, in <module>
    main()
  File "/home/user/sim1_single/sim1_median_committee.py", line 846, in main
    render_figures(df, base_dir, graphs_dir, tables_dir, main_k)
  File "/home/user/sim1_single/sim1_median_committee.py", line 737, in render_figures
    print(f"\n[*] Rendering figures for k in {{{', '.join(map(str, main_k))}}}  ({context})")
                                                                   ^^^^^^
NameError: name 'main_k' is not defined. Did you mean: 'main_df'?
